[14:58:05] [ServerMain/INFO]: [bootstrap] Running Java 25 (OpenJDK 64-Bit Server VM 25.0.1; Arch Linux null) on Linux 6.17.9-arch1-1 (amd64)
[14:58:05] [ServerMain/INFO]: [bootstrap] Loading Paper 1.21.10-117-ver/1.21.10@df4b668 (2025-11-30T22:37:28Z) for Minecraft 1.21.10
[14:58:05] [ServerMain/INFO]: [PluginInitializerManager] Initializing plugins...
[14:58:06] [ServerMain/INFO]: [PluginInitializerManager] Initialized 1 plugin
[14:58:06] [ServerMain/INFO]: [PluginInitializerManager] Bukkit plugins (1):
 - HeartbeatPlugin (1.0.0)
[14:58:10] [ServerMain/INFO]: Environment: Environment[sessionHost=https://sessionserver.mojang.com, servicesHost=https://api.minecraftservices.com, profilesHost=https://api.mojang.com, name=PROD]
[14:58:11] [ServerMain/INFO]: Loaded 1461 recipes
[14:58:11] [ServerMain/INFO]: Loaded 1574 advancements
[14:58:11] [ServerMain/INFO]: [ca.spottedleaf.dataconverter.minecraft.datatypes.MCTypeRegistry] Initialising converters for DataConverter...
[14:58:11] [ServerMain/INFO]: [ca.spottedleaf.dataconverter.minecraft.datatypes.MCTypeRegistry] Finished initialising converters for DataConverter in 255,6ms
[14:58:11] [Server thread/INFO]: Starting minecraft server version 1.21.10
[14:58:11] [Server thread/INFO]: Loading properties
[14:58:11] [Server thread/INFO]: This server is running Paper version 1.21.10-117-ver/1.21.10@df4b668 (2025-11-30T22:37:28Z) (Implementing API version 1.21.10-R0.1-SNAPSHOT)
[14:58:11] [Server thread/INFO]: [spark] This server bundles the spark profiler. For more information please visit https://docs.papermc.io/paper/profiling
[14:58:11] [Server thread/INFO]: Server Ping Player Sample Count: 12
[14:58:11] [Server thread/INFO]: Using 4 threads for Netty based IO
[14:58:12] [Server thread/INFO]: [MoonriseCommon] Paper is using 3 worker threads, 1 I/O threads
[14:58:12] [Server thread/INFO]: Default game type: SURVIVAL
[14:58:12] [Server thread/INFO]: Generating keypair
[14:58:12] [Server thread/INFO]: Starting Minecraft server on *:25565
[14:58:12] [Server thread/INFO]: Using epoll channel type
[14:58:12] [Server thread/INFO]: Paper: Using libdeflate (Linux x86_64) compression from Velocity.
[14:58:12] [Server thread/INFO]: Paper: Using OpenSSL 3.x.x (Linux x86_64) cipher from Velocity.
[14:58:12] [Server thread/INFO]: [HeartbeatPlugin] Loading server plugin HeartbeatPlugin v1.0.0
[14:58:12] [Server thread/INFO]: Server permissions file permissions.yml is empty, ignoring it
[14:58:12] [Server thread/WARN]: **** SERVER IS RUNNING IN OFFLINE/INSECURE MODE!
[14:58:12] [Server thread/WARN]: The server will make no attempt to authenticate usernames. Beware.
[14:58:12] [Server thread/WARN]: While this makes the game possible to play without internet access, it also opens up the ability for hackers to connect with any username they choose.
[14:58:12] [Server thread/WARN]: To change this, set "online-mode" to "true" in the server.properties file.
[14:58:12] [Server thread/INFO]: Preparing level "world"
[14:58:13] [Server thread/INFO]: Loading 0 persistent chunks for world 'minecraft:overworld'...
[14:58:13] [Server thread/INFO]: Preparing spawn area: 100%
[14:58:13] [Server thread/INFO]: Prepared spawn area in 1 ms
[14:58:13] [Server thread/INFO]: Loading 0 persistent chunks for world 'minecraft:the_nether'...
[14:58:13] [Server thread/INFO]: Prepared spawn area in 0 ms
[14:58:13] [Server thread/INFO]: Loading 0 persistent chunks for world 'minecraft:the_end'...
[14:58:13] [Server thread/INFO]: Prepared spawn area in 1 ms
[14:58:13] [Server thread/INFO]: Done preparing level "world" (0.333s)
[14:58:13] [Server thread/INFO]: [HeartbeatPlugin] Enabling HeartbeatPlugin v1.0.0
[14:58:13] [Server thread/WARN]: java.lang.NullPointerException: Cannot invoke "String.length()" because "s" is null
[14:58:13] [Server thread/WARN]: 	at java.base/java.net.URLEncoder.encode(URLEncoder.java:224)
[14:58:13] [Server thread/WARN]: 	at heartbeat.jar//de.johannes.heartbeat.CloudCalls.heartbeat(CloudCalls.java:143)
[14:58:13] [Server thread/WARN]: 	at heartbeat.jar//de.johannes.heartbeat.Heartbeat.onEnable(Heartbeat.java:10)
[14:58:13] [Server thread/WARN]: 	at org.bukkit.plugin.java.JavaPlugin.setEnabled(JavaPlugin.java:279)
[14:58:13] [Server thread/WARN]: 	at io.papermc.paper.plugin.manager.PaperPluginInstanceManager.enablePlugin(PaperPluginInstanceManager.java:202)
[14:58:13] [Server thread/WARN]: 	at io.papermc.paper.plugin.manager.PaperPluginManagerImpl.enablePlugin(PaperPluginManagerImpl.java:109)
[14:58:13] [Server thread/WARN]: 	at org.bukkit.plugin.SimplePluginManager.enablePlugin(SimplePluginManager.java:520)
[14:58:13] [Server thread/WARN]: 	at org.bukkit.craftbukkit.CraftServer.enablePlugin(CraftServer.java:639)
[14:58:13] [Server thread/WARN]: 	at org.bukkit.craftbukkit.CraftServer.enablePlugins(CraftServer.java:596)
[14:58:13] [Server thread/WARN]: 	at net.minecraft.server.MinecraftServer.initPostWorld(MinecraftServer.java:637)
[14:58:13] [Server thread/WARN]: 	at net.minecraft.server.dedicated.DedicatedServer.initServer(DedicatedServer.java:368)
[14:58:13] [Server thread/WARN]: 	at net.minecraft.server.MinecraftServer.runServer(MinecraftServer.java:1257)
[14:58:13] [Server thread/WARN]: 	at net.minecraft.server.MinecraftServer.lambda$spin$2(MinecraftServer.java:384)
[14:58:13] [Server thread/WARN]: 	at java.base/java.lang.Thread.run(Thread.java:1474)
[14:58:13] [Server thread/INFO]: [spark] Starting background profiler...
[14:58:13] [Server thread/INFO]: Running delayed init tasks
[14:58:13] [Server thread/INFO]: Done (8.526s)! For help, type "help"
[14:58:17] [Server thread/INFO]: Stopping server
[14:58:17] [Server thread/INFO]: [HeartbeatPlugin] Disabling HeartbeatPlugin v1.0.0
[14:58:17] [Server thread/INFO]: Saving players
[14:58:17] [Server thread/INFO]: Saving worlds
[14:58:17] [Server thread/INFO]: Saving chunks for level 'ServerLevel[world]'/minecraft:overworld
[14:58:17] [Server thread/INFO]: [ChunkHolderManager] Waiting 60s for chunk system to halt for world 'world'
[14:58:17] [Server thread/INFO]: [ChunkHolderManager] Halted chunk system for world 'world'
[14:58:17] [Server thread/INFO]: [ChunkHolderManager] Saving all chunkholders for world 'world'
[14:58:17] [Server thread/INFO]: [ChunkHolderManager] Saved 0 block chunks, 0 entity chunks, 0 poi chunks in world 'world' in 0,00s
[14:58:17] [Server thread/INFO]: [ChunkHolderManager] Waiting 60s for chunk I/O to halt for world 'world'
[14:58:17] [Server thread/INFO]: [ChunkHolderManager] Halted I/O scheduler for world 'world'
[14:58:17] [Server thread/INFO]: Saving chunks for level 'ServerLevel[world_nether]'/minecraft:the_nether
[14:58:17] [Server thread/INFO]: [ChunkHolderManager] Waiting 60s for chunk system to halt for world 'world_nether'
[14:58:17] [Server thread/INFO]: [ChunkHolderManager] Halted chunk system for world 'world_nether'
[14:58:17] [Server thread/INFO]: [ChunkHolderManager] Saving all chunkholders for world 'world_nether'
[14:58:17] [Server thread/INFO]: [ChunkHolderManager] Saved 0 block chunks, 0 entity chunks, 0 poi chunks in world 'world_nether' in 0,00s
[14:58:17] [Server thread/INFO]: [ChunkHolderManager] Waiting 60s for chunk I/O to halt for world 'world_nether'
[14:58:17] [Server thread/INFO]: [ChunkHolderManager] Halted I/O scheduler for world 'world_nether'
[14:58:17] [Server thread/INFO]: Saving chunks for level 'ServerLevel[world_the_end]'/minecraft:the_end
[14:58:17] [Server thread/INFO]: [ChunkHolderManager] Waiting 60s for chunk system to halt for world 'world_the_end'
[14:58:17] [Server thread/INFO]: [ChunkHolderManager] Halted chunk system for world 'world_the_end'
[14:58:17] [Server thread/INFO]: [ChunkHolderManager] Saving all chunkholders for world 'world_the_end'
[14:58:17] [Server thread/INFO]: [ChunkHolderManager] Saved 0 block chunks, 0 entity chunks, 0 poi chunks in world 'world_the_end' in 0,00s
[14:58:17] [Server thread/INFO]: [ChunkHolderManager] Waiting 60s for chunk I/O to halt for world 'world_the_end'
[14:58:17] [Server thread/INFO]: [ChunkHolderManager] Halted I/O scheduler for world 'world_the_end'
[14:58:17] [Server thread/INFO]: ThreadedAnvilChunkStorage (world): All chunks are saved
[14:58:17] [Server thread/INFO]: ThreadedAnvilChunkStorage (DIM-1): All chunks are saved
[14:58:17] [Server thread/INFO]: ThreadedAnvilChunkStorage (DIM1): All chunks are saved
[14:58:17] [Server thread/INFO]: ThreadedAnvilChunkStorage: All dimensions are saved
[14:58:17] [Server thread/INFO]: Waiting for all RegionFile I/O tasks to complete...
[14:58:17] [Server thread/INFO]: All RegionFile I/O tasks to complete
[14:58:17] [Server thread/INFO]: [MoonriseCommon] Awaiting termination of worker pool for up to 60s...
[14:58:17] [Server thread/INFO]: [MoonriseCommon] Awaiting termination of I/O pool for up to 60s...
